../Core/Src/oled.c:6:6:OLED_WR_Byte	24	static
../Core/Src/oled.c:28:7:OLED_Set_Pos	16	static
../Core/Src/oled.c:35:6:OLED_Display_On	8	static
../Core/Src/oled.c:42:6:OLED_Display_Off	8	static
../Core/Src/oled.c:49:6:OLED_Clear	16	static
../Core/Src/oled.c:67:6:OLED_ShowChar	24	static
../Core/Src/oled.c:89:5:oled_pow	24	static
../Core/Src/oled.c:101:6:OLED_ShowNum	24	static
../Core/Src/oled.c:121:6:OLED_ShowString	24	static
../Core/Src/oled.c:132:6:OLED_ShowCHinese	24	static
../Core/Src/oled.c:149:6:OLED_DrawBMP	32	static
../Core/Src/oled.c:168:6:OLED_Init	40	static
